build	Set up job	﻿2026-06-27T16:10:12.0708902Z Current runner version: '2.335.1'
build	Set up job	2026-06-27T16:10:12.0733925Z ##[group]Runner Image Provisioner
build	Set up job	2026-06-27T16:10:12.0735128Z Hosted Compute Agent
build	Set up job	2026-06-27T16:10:12.0735744Z Version: 20260611.554
build	Set up job	2026-06-27T16:10:12.0736423Z Commit: 5e0782fdc9014723d3be820dd114dd31555c2bd1
build	Set up job	2026-06-27T16:10:12.0737182Z Build Date: 2026-06-11T21:40:46Z
build	Set up job	2026-06-27T16:10:12.0737905Z Worker ID: {ed05bb12-b190-44e8-ad9a-993a38566401}
build	Set up job	2026-06-27T16:10:12.0738733Z Azure Region: westus
build	Set up job	2026-06-27T16:10:12.0739298Z ##[endgroup]
build	Set up job	2026-06-27T16:10:12.0740785Z ##[group]Operating System
build	Set up job	2026-06-27T16:10:12.0741684Z Ubuntu
build	Set up job	2026-06-27T16:10:12.0742229Z 24.04.4
build	Set up job	2026-06-27T16:10:12.0742837Z LTS
build	Set up job	2026-06-27T16:10:12.0743377Z ##[endgroup]
build	Set up job	2026-06-27T16:10:12.0743999Z ##[group]Runner Image
build	Set up job	2026-06-27T16:10:12.0744693Z Image: ubuntu-24.04
build	Set up job	2026-06-27T16:10:12.0745262Z Version: 20260622.220.1
build	Set up job	2026-06-27T16:10:12.0746348Z Included Software: https://github.com/actions/runner-images/blob/ubuntu24/20260622.220/images/ubuntu/Ubuntu2404-Readme.md
build	Set up job	2026-06-27T16:10:12.0748083Z Image Release: https://github.com/actions/runner-images/releases/tag/ubuntu24%2F20260622.220
build	Set up job	2026-06-27T16:10:12.0749128Z ##[endgroup]
build	Set up job	2026-06-27T16:10:12.0750303Z ##[group]GITHUB_TOKEN Permissions
build	Set up job	2026-06-27T16:10:12.0753099Z Contents: read
build	Set up job	2026-06-27T16:10:12.0753787Z Metadata: read
build	Set up job	2026-06-27T16:10:12.0754415Z Pages: write
build	Set up job	2026-06-27T16:10:12.0755046Z ##[endgroup]
build	Set up job	2026-06-27T16:10:12.0757049Z Secret source: Actions
build	Set up job	2026-06-27T16:10:12.0758144Z Prepare workflow directory
build	Set up job	2026-06-27T16:10:12.1093526Z Prepare all required actions
build	Set up job	2026-06-27T16:10:12.1132426Z Getting action download info
build	Set up job	2026-06-27T16:10:12.4655255Z Download action repository 'actions/checkout@v4' (SHA:34e114876b0b11c390a56381ad16ebd13914f8d5)
build	Set up job	2026-06-27T16:10:12.5602510Z Download action repository 'pnpm/action-setup@v3' (SHA:a3252b78c470c02df07e9d59298aecedc3ccdd6d)
build	Set up job	2026-06-27T16:10:13.0383813Z Download action repository 'actions/setup-node@v4' (SHA:49933ea5288caeca8642d1e84afbd3f7d6820020)
build	Set up job	2026-06-27T16:10:13.1739551Z Download action repository 'actions/upload-pages-artifact@v3' (SHA:56afc609e74202658d3ffba0e8f6dda462b719fa)
build	Set up job	2026-06-27T16:10:13.5008318Z Getting action download info
build	Set up job	2026-06-27T16:10:13.6405743Z Download action repository 'actions/upload-artifact@v4' (SHA:ea165f8d65b6e75b540449e92b4886f43607fa02)
build	Set up job	2026-06-27T16:10:13.7924372Z Complete job name: build
build	Run actions/checkout@v4	﻿2026-06-27T16:10:13.8825650Z Node 20 is being deprecated. This workflow is running with Node 24 by default. If you need to temporarily use Node 20, you can set the ACTIONS_ALLOW_USE_UNSECURE_NODE_VERSION=true environment variable. For more information see: https://github.blog/changelog/2025-09-19-deprecation-of-node-20-on-github-actions-runners/
build	Run actions/checkout@v4	2026-06-27T16:10:13.8836745Z ##[group]Run actions/checkout@v4
build	Run actions/checkout@v4	2026-06-27T16:10:13.8838037Z with:
build	Run actions/checkout@v4	2026-06-27T16:10:13.8838955Z   repository: BitByBash/bitbybash.github.io
build	Run actions/checkout@v4	2026-06-27T16:10:13.8850300Z   token: ***
build	Run actions/checkout@v4	2026-06-27T16:10:13.8851162Z   ssh-strict: true
build	Run actions/checkout@v4	2026-06-27T16:10:13.8852164Z   ssh-user: git
build	Run actions/checkout@v4	2026-06-27T16:10:13.8853076Z   persist-credentials: true
build	Run actions/checkout@v4	2026-06-27T16:10:13.8854044Z   clean: true
build	Run actions/checkout@v4	2026-06-27T16:10:13.8854938Z   sparse-checkout-cone-mode: true
build	Run actions/checkout@v4	2026-06-27T16:10:13.8855993Z   fetch-depth: 1
build	Run actions/checkout@v4	2026-06-27T16:10:13.8856845Z   fetch-tags: false
build	Run actions/checkout@v4	2026-06-27T16:10:13.8857727Z   show-progress: true
build	Run actions/checkout@v4	2026-06-27T16:10:13.8858623Z   lfs: false
build	Run actions/checkout@v4	2026-06-27T16:10:13.8859490Z   submodules: false
build	Run actions/checkout@v4	2026-06-27T16:10:13.8860434Z   set-safe-directory: true
build	Run actions/checkout@v4	2026-06-27T16:10:13.8861832Z ##[endgroup]
build	Run actions/checkout@v4	2026-06-27T16:10:13.9849277Z Syncing repository: BitByBash/bitbybash.github.io
build	Run actions/checkout@v4	2026-06-27T16:10:13.9852545Z ##[group]Getting Git version info
build	Run actions/checkout@v4	2026-06-27T16:10:13.9854205Z Working directory is '/home/runner/work/bitbybash.github.io/bitbybash.github.io'
build	Run actions/checkout@v4	2026-06-27T16:10:13.9856595Z [command]/usr/bin/git version
build	Run actions/checkout@v4	2026-06-27T16:10:13.9922881Z git version 2.54.0
build	Run actions/checkout@v4	2026-06-27T16:10:13.9978678Z ##[endgroup]
build	Run actions/checkout@v4	2026-06-27T16:10:13.9994194Z Temporarily overriding HOME='/home/runner/work/_temp/9deeb9ec-b9e6-4ad1-b5bb-2543c964d3c3' before making global git config changes
build	Run actions/checkout@v4	2026-06-27T16:10:13.9999570Z Adding repository directory to the temporary git global config as a safe directory
build	Run actions/checkout@v4	2026-06-27T16:10:14.0004154Z [command]/usr/bin/git config --global --add safe.directory /home/runner/work/bitbybash.github.io/bitbybash.github.io
build	Run actions/checkout@v4	2026-06-27T16:10:14.0052468Z Deleting the contents of '/home/runner/work/bitbybash.github.io/bitbybash.github.io'
build	Run actions/checkout@v4	2026-06-27T16:10:14.0056551Z ##[group]Initializing the repository
build	Run actions/checkout@v4	2026-06-27T16:10:14.0062049Z [command]/usr/bin/git init /home/runner/work/bitbybash.github.io/bitbybash.github.io
build	Run actions/checkout@v4	2026-06-27T16:10:14.0205966Z hint: Using 'master' as the name for the initial branch. This default branch name
build	Run actions/checkout@v4	2026-06-27T16:10:14.0208173Z hint: will change to "main" in Git 3.0. To configure the initial branch name
build	Run actions/checkout@v4	2026-06-27T16:10:14.0210097Z hint: to use in all of your new repositories, which will suppress this warning,
build	Run actions/checkout@v4	2026-06-27T16:10:14.0212018Z hint: call:
build	Run actions/checkout@v4	2026-06-27T16:10:14.0212908Z hint:
build	Run actions/checkout@v4	2026-06-27T16:10:14.0214371Z hint: 	git config --global init.defaultBranch <name>
build	Run actions/checkout@v4	2026-06-27T16:10:14.0216305Z hint:
build	Run actions/checkout@v4	2026-06-27T16:10:14.0218312Z hint: Names commonly chosen instead of 'master' are 'main', 'trunk' and
build	Run actions/checkout@v4	2026-06-27T16:10:14.0221851Z hint: 'development'. The just-created branch can be renamed via this command:
build	Run actions/checkout@v4	2026-06-27T16:10:14.0224495Z hint:
build	Run actions/checkout@v4	2026-06-27T16:10:14.0225960Z hint: 	git branch -m <name>
build	Run actions/checkout@v4	2026-06-27T16:10:14.0227751Z hint:
build	Run actions/checkout@v4	2026-06-27T16:10:14.0229872Z hint: Disable this message with "git config set advice.defaultBranchName false"
build	Run actions/checkout@v4	2026-06-27T16:10:14.0233834Z Initialized empty Git repository in /home/runner/work/bitbybash.github.io/bitbybash.github.io/.git/
build	Run actions/checkout@v4	2026-06-27T16:10:14.0237368Z [command]/usr/bin/git remote add origin https://github.com/BitByBash/bitbybash.github.io
build	Run actions/checkout@v4	2026-06-27T16:10:14.0293370Z ##[endgroup]
build	Run actions/checkout@v4	2026-06-27T16:10:14.0295985Z ##[group]Disabling automatic garbage collection
build	Run actions/checkout@v4	2026-06-27T16:10:14.0298313Z [command]/usr/bin/git config --local gc.auto 0
build	Run actions/checkout@v4	2026-06-27T16:10:14.0327278Z ##[endgroup]
build	Run actions/checkout@v4	2026-06-27T16:10:14.0329310Z ##[group]Setting up auth
build	Run actions/checkout@v4	2026-06-27T16:10:14.0333070Z [command]/usr/bin/git config --local --name-only --get-regexp core\.sshCommand
build	Run actions/checkout@v4	2026-06-27T16:10:14.0367925Z [command]/usr/bin/git submodule foreach --recursive sh -c "git config --local --name-only --get-regexp 'core\.sshCommand' && git config --local --unset-all 'core.sshCommand' || :"
build	Run actions/checkout@v4	2026-06-27T16:10:14.0749057Z [command]/usr/bin/git config --local --name-only --get-regexp http\.https\:\/\/github\.com\/\.extraheader
build	Run actions/checkout@v4	2026-06-27T16:10:14.0783838Z [command]/usr/bin/git submodule foreach --recursive sh -c "git config --local --name-only --get-regexp 'http\.https\:\/\/github\.com\/\.extraheader' && git config --local --unset-all 'http.https://github.com/.extraheader' || :"
build	Run actions/checkout@v4	2026-06-27T16:10:14.0998941Z [command]/usr/bin/git config --local --name-only --get-regexp ^includeIf\.gitdir:
build	Run actions/checkout@v4	2026-06-27T16:10:14.1029285Z [command]/usr/bin/git submodule foreach --recursive git config --local --show-origin --name-only --get-regexp remote.origin.url
build	Run actions/checkout@v4	2026-06-27T16:10:14.1249199Z [command]/usr/bin/git config --local http.https://github.com/.extraheader AUTHORIZATION: basic ***
build	Run actions/checkout@v4	2026-06-27T16:10:14.1285274Z ##[endgroup]
build	Run actions/checkout@v4	2026-06-27T16:10:14.1287730Z ##[group]Fetching the repository
build	Run actions/checkout@v4	2026-06-27T16:10:14.1295088Z [command]/usr/bin/git -c protocol.version=2 fetch --no-tags --prune --no-recurse-submodules --depth=1 origin +7d9e1b4c6bf8f1007f519913cd3ffdd36cfd6b59:refs/remotes/origin/main
build	Run actions/checkout@v4	2026-06-27T16:10:14.8028213Z From https://github.com/BitByBash/bitbybash.github.io
build	Run actions/checkout@v4	2026-06-27T16:10:14.8030010Z  * [new ref]         7d9e1b4c6bf8f1007f519913cd3ffdd36cfd6b59 -> origin/main
build	Run actions/checkout@v4	2026-06-27T16:10:14.8067309Z ##[endgroup]
build	Run actions/checkout@v4	2026-06-27T16:10:14.8069407Z ##[group]Determining the checkout info
build	Run actions/checkout@v4	2026-06-27T16:10:14.8071153Z ##[endgroup]
build	Run actions/checkout@v4	2026-06-27T16:10:14.8076028Z [command]/usr/bin/git sparse-checkout disable
build	Run actions/checkout@v4	2026-06-27T16:10:14.8121529Z [command]/usr/bin/git config --local --unset-all extensions.worktreeConfig
build	Run actions/checkout@v4	2026-06-27T16:10:14.8224044Z ##[group]Checking out the ref
build	Run actions/checkout@v4	2026-06-27T16:10:14.8226274Z [command]/usr/bin/git checkout --progress --force -B main refs/remotes/origin/main
build	Run actions/checkout@v4	2026-06-27T16:10:14.8297077Z Switched to a new branch 'main'
build	Run actions/checkout@v4	2026-06-27T16:10:14.8299612Z branch 'main' set up to track 'origin/main'.
build	Run actions/checkout@v4	2026-06-27T16:10:14.8308122Z ##[endgroup]
build	Run actions/checkout@v4	2026-06-27T16:10:14.8347416Z [command]/usr/bin/git log -1 --format=%H
build	Run actions/checkout@v4	2026-06-27T16:10:14.8369920Z 7d9e1b4c6bf8f1007f519913cd3ffdd36cfd6b59
build	Run pnpm/action-setup@v3	﻿2026-06-27T16:10:14.8645814Z Node 20 is being deprecated. This workflow is running with Node 24 by default. If you need to temporarily use Node 20, you can set the ACTIONS_ALLOW_USE_UNSECURE_NODE_VERSION=true environment variable. For more information see: https://github.blog/changelog/2025-09-19-deprecation-of-node-20-on-github-actions-runners/
build	Run pnpm/action-setup@v3	2026-06-27T16:10:14.8650740Z ##[group]Run pnpm/action-setup@v3
build	Run pnpm/action-setup@v3	2026-06-27T16:10:14.8651968Z with:
build	Run pnpm/action-setup@v3	2026-06-27T16:10:14.8652730Z   version: 9
build	Run pnpm/action-setup@v3	2026-06-27T16:10:14.8653529Z   dest: ~/setup-pnpm
build	Run pnpm/action-setup@v3	2026-06-27T16:10:14.8654388Z   run_install: null
build	Run pnpm/action-setup@v3	2026-06-27T16:10:14.8655269Z   package_json_file: package.json
build	Run pnpm/action-setup@v3	2026-06-27T16:10:14.8656296Z   standalone: false
build	Run pnpm/action-setup@v3	2026-06-27T16:10:14.8657128Z ##[endgroup]
build	Run pnpm/action-setup@v3	2026-06-27T16:10:14.9584054Z ##[group]Running self-installer...
build	Run pnpm/action-setup@v3	2026-06-27T16:10:15.3512204Z (node:2393) [DEP0169] DeprecationWarning: `url.parse()` behavior is not standardized and prone to errors that have security implications. Use the WHATWG URL API instead. CVEs are not issued for `url.parse()` vulnerabilities.
build	Run pnpm/action-setup@v3	2026-06-27T16:10:15.3514732Z (Use `node --trace-deprecation ...` to show where the warning was created)
build	Run pnpm/action-setup@v3	2026-06-27T16:10:15.5074328Z Progress: resolved 1, reused 0, downloaded 0, added 0
build	Run pnpm/action-setup@v3	2026-06-27T16:10:15.5193101Z Packages: +1
build	Run pnpm/action-setup@v3	2026-06-27T16:10:15.5193968Z +
build	Run pnpm/action-setup@v3	2026-06-27T16:10:15.9032892Z Progress: resolved 1, reused 0, downloaded 1, added 1, done
build	Run pnpm/action-setup@v3	2026-06-27T16:10:15.9282355Z 
build	Run pnpm/action-setup@v3	2026-06-27T16:10:15.9283169Z dependencies:
build	Run pnpm/action-setup@v3	2026-06-27T16:10:15.9283878Z + pnpm 9.15.9 (11.9.0 is available)
build	Run pnpm/action-setup@v3	2026-06-27T16:10:15.9284280Z 
build	Run pnpm/action-setup@v3	2026-06-27T16:10:15.9310205Z Done in 811ms
build	Run pnpm/action-setup@v3	2026-06-27T16:10:15.9486349Z ##[endgroup]
build	Run pnpm/action-setup@v3	2026-06-27T16:10:15.9486679Z Installation Completed!
build	Run actions/setup-node@v4	﻿2026-06-27T16:10:15.9684573Z Node 20 is being deprecated. This workflow is running with Node 24 by default. If you need to temporarily use Node 20, you can set the ACTIONS_ALLOW_USE_UNSECURE_NODE_VERSION=true environment variable. For more information see: https://github.blog/changelog/2025-09-19-deprecation-of-node-20-on-github-actions-runners/
build	Run actions/setup-node@v4	2026-06-27T16:10:15.9685871Z ##[group]Run actions/setup-node@v4
build	Run actions/setup-node@v4	2026-06-27T16:10:15.9686127Z with:
build	Run actions/setup-node@v4	2026-06-27T16:10:15.9686317Z   node-version: 20
build	Run actions/setup-node@v4	2026-06-27T16:10:15.9686544Z   cache: pnpm
build	Run actions/setup-node@v4	2026-06-27T16:10:15.9686747Z   always-auth: false
build	Run actions/setup-node@v4	2026-06-27T16:10:15.9686972Z   check-latest: false
build	Run actions/setup-node@v4	2026-06-27T16:10:15.9690100Z   token: ***
build	Run actions/setup-node@v4	2026-06-27T16:10:15.9690300Z env:
build	Run actions/setup-node@v4	2026-06-27T16:10:15.9690554Z   PNPM_HOME: /home/runner/setup-pnpm/node_modules/.bin
build	Run actions/setup-node@v4	2026-06-27T16:10:15.9690863Z ##[endgroup]
build	Run actions/setup-node@v4	2026-06-27T16:10:16.1142762Z Attempting to download 20...
build	Run actions/setup-node@v4	2026-06-27T16:10:16.1245657Z (node:2407) [DEP0040] DeprecationWarning: The `punycode` module is deprecated. Please use a userland alternative instead.
build	Run actions/setup-node@v4	2026-06-27T16:10:16.1246661Z (Use `node --trace-deprecation ...` to show where the warning was created)
build	Run actions/setup-node@v4	2026-06-27T16:10:16.8409520Z Acquiring 20.20.2 - x64 from https://github.com/actions/node-versions/releases/download/20.20.2-23521894959/node-20.20.2-linux-x64.tar.gz
build	Run actions/setup-node@v4	2026-06-27T16:10:17.2663885Z Extracting ...
build	Run actions/setup-node@v4	2026-06-27T16:10:17.2786766Z [command]/usr/bin/tar xz --strip 1 --warning=no-unknown-keyword --overwrite -C /home/runner/work/_temp/98d4c88d-2560-4b5d-9364-2c40a2cb9639 -f /home/runner/work/_temp/742d9dd6-8a4b-4e3a-9ca6-2197dcca88ef
build	Run actions/setup-node@v4	2026-06-27T16:10:18.2861911Z Adding to the cache ...
build	Run actions/setup-node@v4	2026-06-27T16:10:20.0957602Z ##[group]Environment details
build	Run actions/setup-node@v4	2026-06-27T16:10:20.3232274Z node: v20.20.2
build	Run actions/setup-node@v4	2026-06-27T16:10:20.3232775Z npm: 10.8.2
build	Run actions/setup-node@v4	2026-06-27T16:10:20.3233307Z yarn: 1.22.22
build	Run actions/setup-node@v4	2026-06-27T16:10:20.3234036Z ##[endgroup]
build	Run actions/setup-node@v4	2026-06-27T16:10:20.3259927Z [command]/home/runner/setup-pnpm/node_modules/.bin/pnpm store path --silent
build	Run actions/setup-node@v4	2026-06-27T16:10:20.7049987Z /home/runner/setup-pnpm/node_modules/.bin/store/v3
build	Run actions/setup-node@v4	2026-06-27T16:10:20.9499741Z Cache hit for: node-cache-Linux-x64-pnpm-93dacc3db9f8098e6e4701d15debef34d470762311c340b9d583ed84483a376a
build	Run actions/setup-node@v4	2026-06-27T16:10:20.9603023Z (node:2407) [DEP0169] DeprecationWarning: `url.parse()` behavior is not standardized and prone to errors that have security implications. Use the WHATWG URL API instead. CVEs are not issued for `url.parse()` vulnerabilities.
build	Run actions/setup-node@v4	2026-06-27T16:10:22.2541570Z Received 0 of 75862119 (0.0%), 0.0 MBs/sec
build	Run actions/setup-node@v4	2026-06-27T16:10:22.9437605Z Received 75862119 of 75862119 (100.0%), 42.8 MBs/sec
build	Run actions/setup-node@v4	2026-06-27T16:10:22.9438789Z Cache Size: ~72 MB (75862119 B)
build	Run actions/setup-node@v4	2026-06-27T16:10:22.9470785Z [command]/usr/bin/tar -xf /home/runner/work/_temp/b9dedf6b-436a-4b17-8a6e-3a612be6c74f/cache.tzst -P -C /home/runner/work/bitbybash.github.io/bitbybash.github.io --use-compress-program unzstd
build	Run actions/setup-node@v4	2026-06-27T16:10:24.0086984Z Cache restored successfully
build	Run actions/setup-node@v4	2026-06-27T16:10:24.0129717Z Cache restored from key: node-cache-Linux-x64-pnpm-93dacc3db9f8098e6e4701d15debef34d470762311c340b9d583ed84483a376a
build	Run pnpm install --config.minimumReleaseAge=0 --no-frozen-lockfile	﻿2026-06-27T16:10:24.0331787Z ##[group]Run pnpm install --config.minimumReleaseAge=0 --no-frozen-lockfile
build	Run pnpm install --config.minimumReleaseAge=0 --no-frozen-lockfile	2026-06-27T16:10:24.0332440Z [36;1mpnpm install --config.minimumReleaseAge=0 --no-frozen-lockfile[0m
build	Run pnpm install --config.minimumReleaseAge=0 --no-frozen-lockfile	2026-06-27T16:10:24.0532193Z shell: /usr/bin/bash -e {0}
build	Run pnpm install --config.minimumReleaseAge=0 --no-frozen-lockfile	2026-06-27T16:10:24.0532496Z env:
build	Run pnpm install --config.minimumReleaseAge=0 --no-frozen-lockfile	2026-06-27T16:10:24.0532785Z   PNPM_HOME: /home/runner/setup-pnpm/node_modules/.bin
build	Run pnpm install --config.minimumReleaseAge=0 --no-frozen-lockfile	2026-06-27T16:10:24.0533147Z ##[endgroup]
build	Run pnpm install --config.minimumReleaseAge=0 --no-frozen-lockfile	2026-06-27T16:10:24.4776062Z Scope: all 5 workspace projects
build	Run pnpm install --config.minimumReleaseAge=0 --no-frozen-lockfile	2026-06-27T16:10:24.6092705Z Progress: resolved 0, reused 1, downloaded 0, added 0
build	Run pnpm install --config.minimumReleaseAge=0 --no-frozen-lockfile	2026-06-27T16:10:24.7303862Z artifacts/bitbybash                      |  WARN  deprecated recharts@2.15.4
build	Run pnpm install --config.minimumReleaseAge=0 --no-frozen-lockfile	2026-06-27T16:10:25.6122877Z Progress: resolved 287, reused 227, downloaded 0, added 0
build	Run pnpm install --config.minimumReleaseAge=0 --no-frozen-lockfile	2026-06-27T16:10:25.7323191Z Packages: +230
build	Run pnpm install --config.minimumReleaseAge=0 --no-frozen-lockfile	2026-06-27T16:10:25.7324462Z ++++++++++++++++++++++++++++++++++++++++++++++++++++++++++++++++++++++++++++++++
build	Run pnpm install --config.minimumReleaseAge=0 --no-frozen-lockfile	2026-06-27T16:10:26.3895856Z Progress: resolved 298, reused 230, downloaded 0, added 230, done
build	Run pnpm install --config.minimumReleaseAge=0 --no-frozen-lockfile	2026-06-27T16:10:26.4724040Z .../esbuild@0.27.3/node_modules/esbuild postinstall$ node install.js
build	Run pnpm install --config.minimumReleaseAge=0 --no-frozen-lockfile	2026-06-27T16:10:26.5288848Z .../esbuild@0.27.3/node_modules/esbuild postinstall: Done
build	Run pnpm install --config.minimumReleaseAge=0 --no-frozen-lockfile	2026-06-27T16:10:26.9683885Z . preinstall$ sh -c 'rm -f package-lock.json yarn.lock; case "$npm_config_user_agent" in pnpm/*) ;; *) echo "Use pnpm instead" >&2; exit 1 ;; esac'
build	Run pnpm install --config.minimumReleaseAge=0 --no-frozen-lockfile	2026-06-27T16:10:26.9770018Z . preinstall: Done
build	Run pnpm install --config.minimumReleaseAge=0 --no-frozen-lockfile	2026-06-27T16:10:27.0058198Z 
build	Run pnpm install --config.minimumReleaseAge=0 --no-frozen-lockfile	2026-06-27T16:10:27.0072379Z devDependencies:
build	Run pnpm install --config.minimumReleaseAge=0 --no-frozen-lockfile	2026-06-27T16:10:27.0073064Z + prettier 3.8.4
build	Run pnpm install --config.minimumReleaseAge=0 --no-frozen-lockfile	2026-06-27T16:10:27.0073673Z + typescript 5.9.3
build	Run pnpm install --config.minimumReleaseAge=0 --no-frozen-lockfile	2026-06-27T16:10:27.0080408Z 
build	Run pnpm install --config.minimumReleaseAge=0 --no-frozen-lockfile	2026-06-27T16:10:27.0232632Z Done in 2.9s using pnpm v9.15.9
build	Run pnpm --filter @workspace/bitbybash build	﻿2026-06-27T16:10:27.0580783Z ##[group]Run pnpm --filter @workspace/bitbybash build
build	Run pnpm --filter @workspace/bitbybash build	2026-06-27T16:10:27.0581488Z [36;1mpnpm --filter @workspace/bitbybash build[0m
build	Run pnpm --filter @workspace/bitbybash build	2026-06-27T16:10:27.0613352Z shell: /usr/bin/bash -e {0}
build	Run pnpm --filter @workspace/bitbybash build	2026-06-27T16:10:27.0613617Z env:
build	Run pnpm --filter @workspace/bitbybash build	2026-06-27T16:10:27.0613871Z   PNPM_HOME: /home/runner/setup-pnpm/node_modules/.bin
build	Run pnpm --filter @workspace/bitbybash build	2026-06-27T16:10:27.0614211Z ##[endgroup]
build	Run pnpm --filter @workspace/bitbybash build	2026-06-27T16:10:27.4892137Z 
build	Run pnpm --filter @workspace/bitbybash build	2026-06-27T16:10:27.4893539Z > @workspace/bitbybash@0.0.0 build /home/runner/work/bitbybash.github.io/bitbybash.github.io/artifacts/bitbybash
build	Run pnpm --filter @workspace/bitbybash build	2026-06-27T16:10:27.4894721Z > vite build --config vite.config.ts
build	Run pnpm --filter @workspace/bitbybash build	2026-06-27T16:10:27.4895101Z 
build	Run pnpm --filter @workspace/bitbybash build	2026-06-27T16:10:27.8510956Z [36mvite v7.3.5 [32mbuilding client environment for production...[36m[39m
build	Run pnpm --filter @workspace/bitbybash build	2026-06-27T16:10:27.9269739Z transforming...
build	Run pnpm --filter @workspace/bitbybash build	2026-06-27T16:10:28.4053876Z [33msrc/components/ui/tooltip.tsx (2:0): Error when using sourcemap for reporting an error: Can't resolve original location of error.[39m
build	Run pnpm --filter @workspace/bitbybash build	2026-06-27T16:10:31.2808762Z [32m✓[39m 1781 modules transformed.
build	Run pnpm --filter @workspace/bitbybash build	2026-06-27T16:10:31.5283237Z rendering chunks...
build	Run pnpm --filter @workspace/bitbybash build	2026-06-27T16:10:31.5356537Z computing gzip size...
build	Run pnpm --filter @workspace/bitbybash build	2026-06-27T16:10:31.5475884Z [2mdist/public/[22m[32mindex.html                     [39m[1m[2m    1.40 kB[22m[1m[22m[2m │ gzip:   0.55 kB[22m
build	Run pnpm --filter @workspace/bitbybash build	2026-06-27T16:10:31.5477578Z [2mdist/public/[22m[2massets/[22m[32mportrait-DpHoLA-H.jpeg  [39m[1m[2m1,395.01 kB[22m[1m[22m
build	Run pnpm --filter @workspace/bitbybash build	2026-06-27T16:10:31.5478596Z [2mdist/public/[22m[2massets/[22m[35mindex-B1n03hms.css      [39m[1m[2m   98.48 kB[22m[1m[22m[2m │ gzip:  16.08 kB[22m
build	Run pnpm --filter @workspace/bitbybash build	2026-06-27T16:10:31.5480073Z [2mdist/public/[22m[2massets/[22m[36mindex-DYuuqYX5.js       [39m[1m[2m  342.26 kB[22m[1m[22m[2m │ gzip: 110.99 kB[22m
build	Run pnpm --filter @workspace/bitbybash build	2026-06-27T16:10:31.5481086Z [32m✓ built in 3.66s[39m
build	Upload artifact	﻿2026-06-27T16:10:31.6115201Z ##[group]Run actions/upload-pages-artifact@v3
build	Upload artifact	2026-06-27T16:10:31.6115537Z with:
build	Upload artifact	2026-06-27T16:10:31.6115814Z   path: ./artifacts/bitbybash/dist/public
build	Upload artifact	2026-06-27T16:10:31.6116090Z   name: github-pages
build	Upload artifact	2026-06-27T16:10:31.6116316Z   retention-days: 1
build	Upload artifact	2026-06-27T16:10:31.6116509Z env:
build	Upload artifact	2026-06-27T16:10:31.6116743Z   PNPM_HOME: /home/runner/setup-pnpm/node_modules/.bin
build	Upload artifact	2026-06-27T16:10:31.6117059Z ##[endgroup]
build	Upload artifact	2026-06-27T16:10:31.6197919Z ##[group]Run echo ::group::Archive artifact
build	Upload artifact	2026-06-27T16:10:31.6198273Z [36;1mecho ::group::Archive artifact[0m
build	Upload artifact	2026-06-27T16:10:31.6198536Z [36;1mtar \[0m
build	Upload artifact	2026-06-27T16:10:31.6198776Z [36;1m  --dereference --hard-dereference \[0m
build	Upload artifact	2026-06-27T16:10:31.6199103Z [36;1m  --directory "$INPUT_PATH" \[0m
build	Upload artifact	2026-06-27T16:10:31.6199407Z [36;1m  -cvf "$RUNNER_TEMP/artifact.tar" \[0m
build	Upload artifact	2026-06-27T16:10:31.6199699Z [36;1m  --exclude=.git \[0m
build	Upload artifact	2026-06-27T16:10:31.6199948Z [36;1m  --exclude=.github \[0m
build	Upload artifact	2026-06-27T16:10:31.6200182Z [36;1m  .[0m
build	Upload artifact	2026-06-27T16:10:31.6200383Z [36;1mecho ::endgroup::[0m
build	Upload artifact	2026-06-27T16:10:31.6422848Z shell: /usr/bin/sh -e {0}
build	Upload artifact	2026-06-27T16:10:31.6423150Z env:
build	Upload artifact	2026-06-27T16:10:31.6423448Z   PNPM_HOME: /home/runner/setup-pnpm/node_modules/.bin
build	Upload artifact	2026-06-27T16:10:31.6423886Z   INPUT_PATH: ./artifacts/bitbybash/dist/public
build	Upload artifact	2026-06-27T16:10:31.6424241Z ##[endgroup]
build	Upload artifact	2026-06-27T16:10:31.6492877Z ##[group]Archive artifact
build	Upload artifact	2026-06-27T16:10:31.6509446Z ./
build	Upload artifact	2026-06-27T16:10:31.6509839Z ./favicon.svg
build	Upload artifact	2026-06-27T16:10:31.6510208Z ./assets/
build	Upload artifact	2026-06-27T16:10:31.6510740Z ./assets/portrait-DpHoLA-H.jpeg
build	Upload artifact	2026-06-27T16:10:31.6521574Z ./assets/index-DYuuqYX5.js
build	Upload artifact	2026-06-27T16:10:31.6524724Z ./assets/index-B1n03hms.css
build	Upload artifact	2026-06-27T16:10:31.6525702Z ./robots.txt
build	Upload artifact	2026-06-27T16:10:31.6525983Z ./index.html
build	Upload artifact	2026-06-27T16:10:31.6528678Z ##[endgroup]
build	Upload artifact	2026-06-27T16:10:31.6600125Z Node 20 is being deprecated. This workflow is running with Node 24 by default. If you need to temporarily use Node 20, you can set the ACTIONS_ALLOW_USE_UNSECURE_NODE_VERSION=true environment variable. For more information see: https://github.blog/changelog/2025-09-19-deprecation-of-node-20-on-github-actions-runners/
build	Upload artifact	2026-06-27T16:10:31.6601657Z ##[group]Run actions/upload-artifact@v4
build	Upload artifact	2026-06-27T16:10:31.6601934Z with:
build	Upload artifact	2026-06-27T16:10:31.6602131Z   name: github-pages
build	Upload artifact	2026-06-27T16:10:31.6602386Z   path: /home/runner/work/_temp/artifact.tar
build	Upload artifact	2026-06-27T16:10:31.6602699Z   retention-days: 1
build	Upload artifact	2026-06-27T16:10:31.6602919Z   if-no-files-found: error
build	Upload artifact	2026-06-27T16:10:31.6603156Z   compression-level: 6
build	Upload artifact	2026-06-27T16:10:31.6603376Z   overwrite: false
build	Upload artifact	2026-06-27T16:10:31.6603589Z   include-hidden-files: false
build	Upload artifact	2026-06-27T16:10:31.6603829Z env:
build	Upload artifact	2026-06-27T16:10:31.6604064Z   PNPM_HOME: /home/runner/setup-pnpm/node_modules/.bin
build	Upload artifact	2026-06-27T16:10:31.6604370Z ##[endgroup]
build	Upload artifact	2026-06-27T16:10:31.8200954Z (node:2548) [DEP0040] DeprecationWarning: The `punycode` module is deprecated. Please use a userland alternative instead.
build	Upload artifact	2026-06-27T16:10:31.8202570Z (Use `node --trace-deprecation ...` to show where the warning was created)
build	Upload artifact	2026-06-27T16:10:31.8250058Z With the provided path, there will be 1 file uploaded
build	Upload artifact	2026-06-27T16:10:31.8256798Z Artifact name is valid!
build	Upload artifact	2026-06-27T16:10:31.8257686Z Root directory input is valid!
build	Upload artifact	2026-06-27T16:10:32.1394505Z Beginning upload of artifact content to blob storage
build	Upload artifact	2026-06-27T16:10:32.2150277Z (node:2548) [DEP0169] DeprecationWarning: `url.parse()` behavior is not standardized and prone to errors that have security implications. Use the WHATWG URL API instead. CVEs are not issued for `url.parse()` vulnerabilities.
build	Upload artifact	2026-06-27T16:10:32.9672082Z Uploaded bytes 1521542
build	Upload artifact	2026-06-27T16:10:33.0462713Z Finished uploading artifact content to blob storage!
build	Upload artifact	2026-06-27T16:10:33.0464014Z SHA256 digest of uploaded artifact zip is 766591d85b25a95b33ef81af27e501cfb6085337260d8d27b8aff563720ce5a5
build	Upload artifact	2026-06-27T16:10:33.0465320Z Finalizing artifact upload
build	Upload artifact	2026-06-27T16:10:33.2636537Z Artifact github-pages.zip successfully finalized. Artifact ID 7926045103
build	Upload artifact	2026-06-27T16:10:33.2638611Z Artifact github-pages has been successfully uploaded! Final size is 1521542 bytes. Artifact ID is 7926045103
build	Upload artifact	2026-06-27T16:10:33.2645451Z Artifact download URL: https://github.com/BitByBash/bitbybash.github.io/actions/runs/28294561985/artifacts/7926045103
build	Post Run actions/setup-node@v4	﻿2026-06-27T16:10:33.2852817Z Node 20 is being deprecated. This workflow is running with Node 24 by default. If you need to temporarily use Node 20, you can set the ACTIONS_ALLOW_USE_UNSECURE_NODE_VERSION=true environment variable. For more information see: https://github.blog/changelog/2025-09-19-deprecation-of-node-20-on-github-actions-runners/
build	Post Run actions/setup-node@v4	2026-06-27T16:10:33.2854093Z Post job cleanup.
build	Post Run actions/setup-node@v4	2026-06-27T16:10:33.4028908Z (node:2560) [DEP0040] DeprecationWarning: The `punycode` module is deprecated. Please use a userland alternative instead.
build	Post Run actions/setup-node@v4	2026-06-27T16:10:33.4030017Z (Use `node --trace-deprecation ...` to show where the warning was created)
build	Post Run actions/setup-node@v4	2026-06-27T16:10:33.4033744Z Cache hit occurred on the primary key node-cache-Linux-x64-pnpm-93dacc3db9f8098e6e4701d15debef34d470762311c340b9d583ed84483a376a, not saving cache.
build	Post Run pnpm/action-setup@v3	﻿2026-06-27T16:10:33.4130338Z Node 20 is being deprecated. This workflow is running with Node 24 by default. If you need to temporarily use Node 20, you can set the ACTIONS_ALLOW_USE_UNSECURE_NODE_VERSION=true environment variable. For more information see: https://github.blog/changelog/2025-09-19-deprecation-of-node-20-on-github-actions-runners/
build	Post Run pnpm/action-setup@v3	2026-06-27T16:10:33.4131756Z Post job cleanup.
build	Post Run pnpm/action-setup@v3	2026-06-27T16:10:33.5054740Z Pruning is unnecessary.
build	Post Run actions/checkout@v4	﻿2026-06-27T16:10:33.5179415Z Node 20 is being deprecated. This workflow is running with Node 24 by default. If you need to temporarily use Node 20, you can set the ACTIONS_ALLOW_USE_UNSECURE_NODE_VERSION=true environment variable. For more information see: https://github.blog/changelog/2025-09-19-deprecation-of-node-20-on-github-actions-runners/
build	Post Run actions/checkout@v4	2026-06-27T16:10:33.5180696Z Post job cleanup.
build	Post Run actions/checkout@v4	2026-06-27T16:10:33.6131986Z [command]/usr/bin/git version
build	Post Run actions/checkout@v4	2026-06-27T16:10:33.6174364Z git version 2.54.0
build	Post Run actions/checkout@v4	2026-06-27T16:10:33.6220174Z Temporarily overriding HOME='/home/runner/work/_temp/eb1634f4-69e1-41c4-8495-b004d6623e9b' before making global git config changes
build	Post Run actions/checkout@v4	2026-06-27T16:10:33.6222353Z Adding repository directory to the temporary git global config as a safe directory
build	Post Run actions/checkout@v4	2026-06-27T16:10:33.6224105Z [command]/usr/bin/git config --global --add safe.directory /home/runner/work/bitbybash.github.io/bitbybash.github.io
build	Post Run actions/checkout@v4	2026-06-27T16:10:33.6258151Z [command]/usr/bin/git config --local --name-only --get-regexp core\.sshCommand
build	Post Run actions/checkout@v4	2026-06-27T16:10:33.6292977Z [command]/usr/bin/git submodule foreach --recursive sh -c "git config --local --name-only --get-regexp 'core\.sshCommand' && git config --local --unset-all 'core.sshCommand' || :"
build	Post Run actions/checkout@v4	2026-06-27T16:10:33.6567053Z [command]/usr/bin/git config --local --name-only --get-regexp http\.https\:\/\/github\.com\/\.extraheader
build	Post Run actions/checkout@v4	2026-06-27T16:10:33.6592699Z http.https://github.com/.extraheader
build	Post Run actions/checkout@v4	2026-06-27T16:10:33.6603607Z [command]/usr/bin/git config --local --unset-all http.https://github.com/.extraheader
build	Post Run actions/checkout@v4	2026-06-27T16:10:33.6634137Z [command]/usr/bin/git submodule foreach --recursive sh -c "git config --local --name-only --get-regexp 'http\.https\:\/\/github\.com\/\.extraheader' && git config --local --unset-all 'http.https://github.com/.extraheader' || :"
build	Post Run actions/checkout@v4	2026-06-27T16:10:33.6853551Z [command]/usr/bin/git config --local --name-only --get-regexp ^includeIf\.gitdir:
build	Post Run actions/checkout@v4	2026-06-27T16:10:33.6883644Z [command]/usr/bin/git submodule foreach --recursive git config --local --show-origin --name-only --get-regexp remote.origin.url
build	Complete job	﻿2026-06-27T16:10:33.7229618Z Cleaning up orphan processes
build	Complete job	2026-06-27T16:10:33.7489426Z ##[warning]Node.js 20 is deprecated. The following actions target Node.js 20 but are being forced to run on Node.js 24: actions/checkout@v4, actions/setup-node@v4, actions/upload-artifact@v4, pnpm/action-setup@v3. For more information see: https://github.blog/changelog/2025-09-19-deprecation-of-node-20-on-github-actions-runners/
deploy	Set up job	﻿2026-06-27T16:10:41.2877800Z Current runner version: '2.335.1'
deploy	Set up job	2026-06-27T16:10:41.2902715Z ##[group]Runner Image Provisioner
deploy	Set up job	2026-06-27T16:10:41.2903646Z Hosted Compute Agent
deploy	Set up job	2026-06-27T16:10:41.2904312Z Version: 20260611.554
deploy	Set up job	2026-06-27T16:10:41.2904868Z Commit: 5e0782fdc9014723d3be820dd114dd31555c2bd1
deploy	Set up job	2026-06-27T16:10:41.2905590Z Build Date: 2026-06-11T21:40:46Z
deploy	Set up job	2026-06-27T16:10:41.2906215Z Worker ID: {36ccda6f-2c9c-47e9-a737-73031c9117d0}
deploy	Set up job	2026-06-27T16:10:41.2906891Z Azure Region: westus3
deploy	Set up job	2026-06-27T16:10:41.2907430Z ##[endgroup]
deploy	Set up job	2026-06-27T16:10:41.2908810Z ##[group]Operating System
deploy	Set up job	2026-06-27T16:10:41.2909447Z Ubuntu
deploy	Set up job	2026-06-27T16:10:41.2909952Z 24.04.4
deploy	Set up job	2026-06-27T16:10:41.2910401Z LTS
deploy	Set up job	2026-06-27T16:10:41.2910970Z ##[endgroup]
deploy	Set up job	2026-06-27T16:10:41.2911473Z ##[group]Runner Image
deploy	Set up job	2026-06-27T16:10:41.2912056Z Image: ubuntu-24.04
deploy	Set up job	2026-06-27T16:10:41.2912563Z Version: 20260622.220.1
deploy	Set up job	2026-06-27T16:10:41.2913507Z Included Software: https://github.com/actions/runner-images/blob/ubuntu24/20260622.220/images/ubuntu/Ubuntu2404-Readme.md
deploy	Set up job	2026-06-27T16:10:41.2915485Z Image Release: https://github.com/actions/runner-images/releases/tag/ubuntu24%2F20260622.220
deploy	Set up job	2026-06-27T16:10:41.2916397Z ##[endgroup]
deploy	Set up job	2026-06-27T16:10:41.2917444Z ##[group]GITHUB_TOKEN Permissions
deploy	Set up job	2026-06-27T16:10:41.2919467Z Contents: read
deploy	Set up job	2026-06-27T16:10:41.2920015Z Metadata: read
deploy	Set up job	2026-06-27T16:10:41.2920508Z Pages: write
deploy	Set up job	2026-06-27T16:10:41.2921050Z ##[endgroup]
deploy	Set up job	2026-06-27T16:10:41.2923414Z Secret source: Actions
deploy	Set up job	2026-06-27T16:10:41.2924450Z Prepare workflow directory
deploy	Set up job	2026-06-27T16:10:41.3308482Z Prepare all required actions
deploy	Set up job	2026-06-27T16:10:41.3348026Z Getting action download info
deploy	Set up job	2026-06-27T16:10:41.6319610Z Download action repository 'actions/deploy-pages@v4' (SHA:d6db90164ac5ed86f2b6aed7e0febac5b3c0c03e)
deploy	Set up job	2026-06-27T16:10:42.5960476Z Complete job name: deploy
deploy	Deploy to GitHub Pages	﻿2026-06-27T16:10:42.6610546Z Node 20 is being deprecated. This workflow is running with Node 24 by default. If you need to temporarily use Node 20, you can set the ACTIONS_ALLOW_USE_UNSECURE_NODE_VERSION=true environment variable. For more information see: https://github.blog/changelog/2025-09-19-deprecation-of-node-20-on-github-actions-runners/
deploy	Deploy to GitHub Pages	2026-06-27T16:10:42.6620735Z ##[group]Run actions/deploy-pages@v4
deploy	Deploy to GitHub Pages	2026-06-27T16:10:42.6621828Z with:
deploy	Deploy to GitHub Pages	2026-06-27T16:10:42.6626767Z   token: ***
deploy	Deploy to GitHub Pages	2026-06-27T16:10:42.6627324Z   timeout: 600000
deploy	Deploy to GitHub Pages	2026-06-27T16:10:42.6627958Z   error_count: 10
deploy	Deploy to GitHub Pages	2026-06-27T16:10:42.6628570Z   reporting_interval: 5000
deploy	Deploy to GitHub Pages	2026-06-27T16:10:42.6629226Z   artifact_name: github-pages
deploy	Deploy to GitHub Pages	2026-06-27T16:10:42.6629923Z   preview: false
deploy	Deploy to GitHub Pages	2026-06-27T16:10:42.6630739Z ##[endgroup]
deploy	Deploy to GitHub Pages	2026-06-27T16:10:42.8563929Z (node:2206) [DEP0040] DeprecationWarning: The `punycode` module is deprecated. Please use a userland alternative instead.
deploy	Deploy to GitHub Pages	2026-06-27T16:10:42.8567059Z (Use `node --trace-deprecation ...` to show where the warning was created)
deploy	Deploy to GitHub Pages	2026-06-27T16:10:43.0720250Z Fetching artifact metadata for "github-pages" in this workflow run
deploy	Deploy to GitHub Pages	2026-06-27T16:10:43.2938687Z Found 1 artifact(s)
deploy	Deploy to GitHub Pages	2026-06-27T16:10:43.2950658Z Creating Pages deployment with payload:
deploy	Deploy to GitHub Pages	2026-06-27T16:10:43.2952036Z {
deploy	Deploy to GitHub Pages	2026-06-27T16:10:43.2952985Z 	"artifact_id": 7926045103,
deploy	Deploy to GitHub Pages	2026-06-27T16:10:43.2954572Z 	"pages_build_version": "7d9e1b4c6bf8f1007f519913cd3ffdd36cfd6b59",
deploy	Deploy to GitHub Pages	2026-06-27T16:10:43.3045980Z 	"oidc_token": "***"
deploy	Deploy to GitHub Pages	2026-06-27T16:10:43.3047441Z }
deploy	Deploy to GitHub Pages	2026-06-27T16:10:43.7126297Z Created deployment for 7d9e1b4c6bf8f1007f519913cd3ffdd36cfd6b59, ID: 7d9e1b4c6bf8f1007f519913cd3ffdd36cfd6b59
deploy	Deploy to GitHub Pages	2026-06-27T16:10:48.7142562Z Getting Pages deployment status...
deploy	Deploy to GitHub Pages	2026-06-27T16:10:48.9534568Z Reported success!
deploy	Complete job	﻿2026-06-27T16:10:48.9789619Z Evaluate and set environment url
deploy	Complete job	2026-06-27T16:10:48.9795821Z Evaluated environment url: https://bitbybash.github.io/
deploy	Complete job	2026-06-27T16:10:48.9797093Z Cleaning up orphan processes
deploy	Complete job	2026-06-27T16:10:49.0164604Z ##[warning]Node.js 20 is deprecated. The following actions target Node.js 20 but are being forced to run on Node.js 24: actions/deploy-pages@v4. For more information see: https://github.blog/changelog/2025-09-19-deprecation-of-node-20-on-github-actions-runners/
